
> retail-master@0.1.0 build
> next build

Γû▓ Next.js 16.1.6 (Turbopack)
- Environments: .env.local

  Creating an optimized production build ...
Γ£ô Compiled successfully in 35.7s
  Running TypeScript ...
npm : Failed to compile.
At line:1 char:1
+ npm run build > build_output.txt 2>&1
+ ~~~~~~~~~~~~~~~~~~~~~~~~~~~~~~~~~~~~~
    + CategoryInfo          : NotSpecified: (Failed to compile.:String) [], RemoteException
    + FullyQualifiedErrorId : NativeCommandError
 

./src/app/setup/page.tsx:266:76
Type error: Type 'string | null' is not assignable to type 'string'.
  Type 'null' is not assignable to type 'string'.

[0m [90m 264 |[39m                     [33m<[39m[33mSelect[39m 
 [90m 265 |[39m                       value[33m=[39m{formData[33m.[39mcurrency} 
[31m[1m>[22m[39m[90m 266 |[39m                       onValueChange[33m=[39m{(value) 
[33m=>[39m setFormData({ [33m...[39mformData[33m,[39m currency[33m:[39m value })}
 [90m     |[39m                                                                            
[31m[1m^[22m[39m
 [90m 267 |[39m                     [33m>[39m
 [90m 268 |[39m                       [33m<[39m[33mSelectTrigger[39m 
className[33m=[39m[32m"h-14 rounded-2xl bg-white border-none ring-1 ring-black/5 
focus-visible:ring-primary px-5 shadow-sm"[39m[33m>[39m
 [90m 269 |[39m                         [33m<[39m[33mdiv[39m 
className[33m=[39m[32m"flex items-center gap-2"[39m[33m>[39m[0m
Next.js build worker exited with code: 1 and signal: null
