
> retail-master@0.1.0 build
> next build

Γû▓ Next.js 16.1.6 (Turbopack)
- Environments: .env.local

  Creating an optimized production build ...
Γ£ô Compiled successfully in 18.1s
  Running TypeScript ...
  Collecting page data using 7 workers ...
  Generating static pages using 7 workers (0/22) ...
  Generating static pages using 7 workers (5/22) 
  Generating static pages using 7 workers (10/22) 
  Generating static pages using 7 workers (16/22) 
Γ£ô Generating static pages using 7 workers (22/22) in 5.4s
  Finalizing page optimization ...

Route (app)
Γöî Γùï /
Γö£ Γùï /_not-found
Γö£ ╞Æ /api/admin/create-user
Γö£ ╞Æ /api/admin/staff
Γö£ ╞Æ /api/send-receipt
Γö£ ╞Æ /api/superadmin/create-user
Γö£ ╞Æ /api/superadmin/stores
Γö£ ╞Æ /api/superadmin/users
Γö£ ╞Æ /api/upload
Γö£ Γùï /app-configs
Γö£ Γùï /customers
Γö£ ╞Æ /customers/[id]
Γö£ Γùï /dashboard
Γö£ Γùï /history
Γö£ Γùï /login
Γö£ Γùï /pos
Γö£ Γùï /products
Γö£ Γùï /reports
Γö£ Γùï /settings
Γö£ Γùï /setup
Γöö Γùï /staff


Γùï  (Static)   prerendered as static content
╞Æ  (Dynamic)  server-rendered on demand

